// Jest Snapshot v1, https://goo.gl/fbAQLP

exports[`PathParam verify for PathParam data got success when loads 1`] = `ReactWrapper {}`;
