// Jest Snapshot v1, https://goo.gl/fbAQLP

exports[`<App/> renders properly 1`] = `ShallowWrapper {}`;

exports[`<App/> without design Template render 1`] = `ShallowWrapper {}`;
