// Jest Snapshot v1, https://goo.gl/fbAQLP

exports[`Feedback Popup Start verify for FeedbackPopup when loads 1`] = `ReactWrapper {}`;
